// Jest Snapshot v1, https://goo.gl/fbAQLP

exports[`<GroupsResultsList /> should match the snapshot 1`] = `
<Table
  as="table"
  celled={true}
  fixed={true}
  padded={true}
  sortable={true}
>
  <TableHeader
    as="thead"
  >
    <TableRow
      as="tr"
      cellAs="td"
    >
      <TableHeaderCell
        as="th"
        onClick={[Function]}
        sorted={null}
      >
        Group ID
      </TableHeaderCell>
      <TableHeaderCell
        as="th"
        onClick={[Function]}
        sorted={null}
      >
        Group Name
      </TableHeaderCell>
      <TableHeaderCell
        as="th"
      >
        Group Members
      </TableHeaderCell>
    </TableRow>
  </TableHeader>
  <TableBody
    as="tbody"
  >
    <TableRow
      as="tr"
      cellAs="td"
      key="0"
    >
      <TableCell
        as="td"
      >
        1
      </TableCell>
      <TableCell
        as="td"
      >
        Volunteers
      </TableCell>
      <TableCell
        as="td"
      >
        <ul>
          <li
            key="0"
          >
            Macie Emmerich
          </li>
        </ul>
      </TableCell>
    </TableRow>
  </TableBody>
</Table>
`;
